
                                    SPENVIS
                                 UNILIB Library
                                 Version 2.22_YCH_initPrep
                           Generated by SPENVIS team


 --- Main control parameters ---

      UC160 (general constants):
                      Geoid major axis = 6378.16     km
                      Geoid minor axis = 6356.77     km
                Mean Earth radius (Re) = 6371.20     km
                  Ecliptic inclination =   23.441512 deg
                 McIlwain Earth dipole =    0.311653 G/Re^3

      UC190 (field line tracing):
                     Maximum step size =  477.8      km at one Re
              Maximum "last" step size =   15.0      km
                     Minimum step size =    2.0      km
                    Altitude precision =  200.       m
              Magnetic field precision =    0.0006   %

      UC192 (magnetic field evaluation):
             Max. geomagnetic latitude =   85.0      deg
                        Minimum radius =    0.157    Re
            (drift shell tracing):
                        Precision on L =    0.10000  %
            Precision on the longitude =    0.05     deg

 --- Geomagnetic field model ---

      Model ( 0): DGRF 1995                          Epoch 1995.
                             Order + 1 =   11
                     Calculation epoch = 1995.0      year
         Colatitude of the dipole pole =   10.68     deg
          Longitude of the dipole pole =  -71.42     deg
                   Earth dipole moment =    0.302151 G/Re^3
          Correction for the SAA drift =    0.00     deg

 --- External magnetic field model ---

      Model (6): Olson-Pfitzer dynamic           
              Storm activity index Dst =  -30.0      nT
                    Solar wind density =   25.0      1/cm^3
                   Solar wind velocity =  300.0      km/s
                     Standoff distance =    8.6      Re
           Planetary activity index Kp =    0.0      (magnetopause check)

                                  Date =  01-Jan-1995
                        Universal Time =    0.00     hrs
            Greenwich angle of equinox =  100.18     deg
           GEO direction of the Sun, X =   -0.9200
                                     Y =   -0.0129
                                     Z =   -0.3917
                     Dipole tilt angle =  -25.91     deg

-------------------------
RESULT: magnetic field
                         norm =   2.567571783908246E-01 gauss
             radial component =   2.283426241361413E-01 gauss
             along colatitude =  -1.097868129720019E-01 gauss
              along longitude =  -4.160228786123785E-02 gauss
-------------------------
