
                                    SPENVIS
                                 UNILIB Library
                                 Version 2.22_YCH_initPrep
                           Generated by SPENVIS team


 --- Main control parameters ---

      UC160 (general constants):
                      Geoid major axis = 6378.16     km
                      Geoid minor axis = 6356.77     km
                Mean Earth radius (Re) = 6371.20     km
                  Ecliptic inclination =   23.441512 deg
                 McIlwain Earth dipole =    0.311653 G/Re^3

      UC190 (field line tracing):
                     Maximum step size =  477.8      km at one Re
              Maximum "last" step size =   15.0      km
                     Minimum step size =    2.0      km
                    Altitude precision =  200.       m
              Magnetic field precision =    0.0006   %

      UC192 (magnetic field evaluation):
             Max. geomagnetic latitude =   85.0      deg
                        Minimum radius =    0.157    Re
            (drift shell tracing):
                        Precision on L =    0.10000  %
            Precision on the longitude =    0.05     deg

 --- Geomagnetic field model ---

      Model ( 2): GSFC 12/66 120 Term                Epoch 1960.
                             Order + 1 =   11
                     Calculation epoch = 1970.0      year
         Colatitude of the dipole pole =   11.39     deg
          Longitude of the dipole pole =  -70.21     deg
                   Earth dipole moment =    0.308751 G/Re^3
          Correction for the SAA drift =    0.00     deg

 --- External magnetic field model ---

      Model ( 0): None                            
           Planetary activity index Kp =    0.0      (magnetopause check)

                                  Date =  01-Jan-1950
                        Universal Time =    0.00     hrs
            Greenwich angle of equinox =  100.08     deg
           GEO direction of the Sun, X =   -0.9200
                                     Y =   -0.0131
                                     Z =   -0.3918
                     Dipole tilt angle =  -26.30     deg

-------------------------
RESULT: coordinates (radius, colatitude, longitude) of the points with the lowest altitude
North :      8304.0286038063       59.8894733083      -34.6062461396
South :      7492.5608715705      131.3611545561      -10.3147983474
-------------------------
