
                                    SPENVIS
                                 UNILIB Library
                                 Version 2.22_YCH_initPrep
                           Generated by SPENVIS team


 --- Main control parameters ---

      UC160 (general constants):
                      Geoid major axis = 6378.16     km
                      Geoid minor axis = 6356.77     km
                Mean Earth radius (Re) = 6371.20     km
                  Ecliptic inclination =   23.441512 deg
                 McIlwain Earth dipole =    0.311653 G/Re^3

      UC190 (field line tracing):
                     Maximum step size =  477.8      km at one Re
              Maximum "last" step size =   15.0      km
                     Minimum step size =    2.0      km
                    Altitude precision =  200.       m
              Magnetic field precision =    0.0006   %

      UC192 (magnetic field evaluation):
             Max. geomagnetic latitude =   85.0      deg
                        Minimum radius =    0.157    Re
            (drift shell tracing):
                        Precision on L =    0.10000  %
            Precision on the longitude =    0.05     deg

 --- Geomagnetic field model ---

      Model ( 0): DGRF 1995                          Epoch 1995.
                             Order + 1 =   11
                     Calculation epoch = 1995.0      year
         Colatitude of the dipole pole =   10.68     deg
          Longitude of the dipole pole =  -71.42     deg
                   Earth dipole moment =    0.302151 G/Re^3
          Correction for the SAA drift =    0.00     deg

 --- External magnetic field model ---

      Model ( 0): None                            
           Planetary activity index Kp =    0.0      (magnetopause check)

                                  Date =  01-Jan-1995
                        Universal Time =    0.00     hrs
            Greenwich angle of equinox =  100.18     deg
           GEO direction of the Sun, X =   -0.9200
                                     Y =   -0.0129
                                     Z =   -0.3917
                     Dipole tilt angle =  -25.91     deg

 --- Atmospheric model ---

       Model (1): MSISE-90 neutral atmosphere     
                     Calculation epoch = 1995.0      year
                        Universal Time =   0.00     deg
                      Sun spots number =    80.
        Daily radio flux F10.7 (day-1) =   70.0      10-22 W m-2 Hz
         81-Day avrg. radio flux F10.7 =   50.0      10-22 W m-2 Hz
           Max. value of the 3-hour Kp =    3.0
                  Different Ap indices = 20. 20. 20. 20. 20. 20. 20.
                       Neutral species =   H  He  Ar  N2  O2  O.  N.    
                       Ionized species =                                
-------------------------
 &UNILIB
 KINNER  =           0,
 BLTIME  =   1995.00000000000     ,
 KOUTER  =           0,
 DATEMAGN        =        1995, 2*1, 3*0,
 VAL_KP  =  0.000000000000000E+000,
 DST     =  -30.0000000000000     ,
 WINDDENS        =   25.0000000000000     ,
 WINDVEL =   300.000000000000     ,
 KMFLG   =           0,
 KATMO   =           1,
 DATEATMO        =        1995, 2*1, 3*0,
 RZSS    =   80.0000000000000     ,
 F107    =   70.0000000000000     ,
 F107A   =   50.0000000000000     ,
 MAX_KP  =   3.00000000000000     ,
 AP      = 6*20.0000000000000        ,
 KFLAG   = 24*1, 2*0, 12*-1,           1, 11*0
 /
-------------------------
