
                                    SPENVIS
                                 UNILIB Library
                                 Version VALIRENE
                           Generated by SPENVIS team


 --- Main control parameters ---

      UC160 (general constants):
                      Geoid major axis = 6378.16     km
                      Geoid minor axis = 6356.77     km
                Mean Earth radius (Re) = 6371.20     km
                  Ecliptic inclination =   23.441512 deg
                 McIlwain Earth dipole =    0.311653 G/Re^3

      UC190 (field line tracing):
                     Maximum step size =  477.8      km at one Re
              Maximum "last" step size =   15.0      km
                     Minimum step size =    2.0      km
                    Altitude precision =  200.       m
              Magnetic field precision =    0.0006   %

      UC192 (magnetic field evaluation):
             Max. geomagnetic latitude =   85.0      deg
                        Minimum radius =    0.157    Re
            (drift shell tracing):
                        Precision on L =    0.10000  %
            Precision on the longitude =    0.05     deg

UNILIB release: VALIRENE

UNILIB version:   2230

Maximum array size:   100000

Day of year: 137

GDZ coordinates: (1000.0,  50.88,   4.70)
GEI coordinates (Cartesian): ( 4.023713E+03,-2.357252E+03, 5.700976E+03)
GEI coordinates (spherical): ( 994.1,  50.72, 329.64)
GEI coordinates (spherical, SPENVIS): ( 994.1,  50.72, 329.64)
GDZ coordinates: (1000.0,  50.88,   4.70)
GSM coordinates (spherical): (  994.1,  48.09, 298.18)
GSM coordinates (spherical, SPENVIS): (  994.1,  48.09, 298.18)
GEO coordinates (spherical): (  994.1,  50.72,   4.70)
GEO coordinates (spherical, SPENVIS): (  994.1,  50.72,   4.70)
Magnetic local time:  7.15
B strength and vector (GEO Cart., OPQ, nT):  31661.6,-28293.3, -2711.8,-13949.5

MAKE_LSTAR1
L, L*:  2.592,  2.695
B, Beq:  31661.6,   1768.5
I:  4.086
Magnetic local time:  7.15

L* -> Phi:   2.695 ->   2.949E+07

Phi -> L*:   2.949E+07 ->   2.695

MAKE_LSTAR_SHELL_SPLITTING1
L:   2.606, 2.595, 2.592, 2.592
L*:  2.719, 2.698, 2.695, 2.695
B:  126646.2,  33934.8,  31661.6,  31903.9
Beq:   1768.5
I:  5.217, 4.159, 4.086, 4.094
Magnetic local time:  7.15
